
> temp-app@0.1.0 build
> next build

Γû▓ Next.js 16.1.6 (Turbopack)

  Creating an optimized production build ...
Γ£ô Compiled successfully in 4.1s
  Running TypeScript ...
  Collecting page data using 7 workers ...
  Generating static pages using 7 workers (0/10) ...
  Generating static pages using 7 workers (2/10) 
  Generating static pages using 7 workers (4/10) 
  Generating static pages using 7 workers (7/10) 
Γ£ô Generating static pages using 7 workers (10/10) in 562.4ms
  Finalizing page optimization ...

Route (app)
Γöî Γùï /
Γö£ Γùï /_not-found
Γö£ Γùï /about
Γö£ Γùï /blog
Γö£ ╞Æ /blog/[slug]
Γö£ Γùï /contact
Γö£ Γùï /plots
Γö£ ╞Æ /plots/[id]
Γö£ Γùï /services
Γöö Γùï /why-thrissur


Γùï  (Static)   prerendered as static content
╞Æ  (Dynamic)  server-rendered on demand

